2026-03-26 22:03:35.798 [clientInboundChannel-4] DEBUG [] [] WEBSOCKET - WebSocket operation: userConnected started
2026-03-26 22:03:36.364 [clientInboundChannel-4] DEBUG [] [] WEBSOCKET - WebSocket operation: userConnected completed
2026-03-26 22:03:37.856 [clientInboundChannel-5] DEBUG [] [] WEBSOCKET - WebSocket operation: markAsRead started
2026-03-26 22:03:37.856 [clientInboundChannel-2] DEBUG [] [] WEBSOCKET - WebSocket operation: markAsRead started
2026-03-26 22:03:37.856 [clientInboundChannel-7] DEBUG [] [] WEBSOCKET - WebSocket operation: markAsRead started
2026-03-26 22:03:37.995 [clientInboundChannel-5] DEBUG [] [] WEBSOCKET - WebSocket operation: markAsRead completed
2026-03-26 22:03:38.054 [clientInboundChannel-2] DEBUG [] [] WEBSOCKET - WebSocket operation: markAsRead completed
2026-03-26 22:03:38.062 [clientInboundChannel-7] DEBUG [] [] WEBSOCKET - WebSocket operation: markAsRead completed
2026-03-26 22:04:03.774 [clientInboundChannel-7] DEBUG [] [] WEBSOCKET - WebSocket operation: userConnected started
2026-03-26 22:04:03.833 [clientInboundChannel-7] DEBUG [] [] WEBSOCKET - WebSocket operation: userConnected completed
2026-03-26 22:04:08.055 [clientInboundChannel-8] DEBUG [] [] WEBSOCKET - WebSocket operation: markAsRead started
2026-03-26 22:04:08.056 [clientInboundChannel-4] DEBUG [] [] WEBSOCKET - WebSocket operation: markAsRead started
2026-03-26 22:04:08.056 [clientInboundChannel-14] DEBUG [] [] WEBSOCKET - WebSocket operation: markAsRead started
2026-03-26 22:04:08.057 [clientInboundChannel-10] DEBUG [] [] WEBSOCKET - WebSocket operation: markAsRead started
2026-03-26 22:04:08.109 [clientInboundChannel-8] DEBUG [] [] WEBSOCKET - WebSocket operation: markAsRead completed
2026-03-26 22:04:08.146 [clientInboundChannel-4] DEBUG [] [] WEBSOCKET - WebSocket operation: markAsRead completed
2026-03-26 22:04:08.180 [clientInboundChannel-14] DEBUG [] [] WEBSOCKET - WebSocket operation: markAsRead completed
2026-03-26 22:04:08.181 [clientInboundChannel-10] DEBUG [] [] WEBSOCKET - WebSocket operation: markAsRead completed
2026-03-26 22:04:15.571 [clientInboundChannel-10] DEBUG [] [] WEBSOCKET - WebSocket operation: handleCallEnd started
2026-03-26 22:04:15.604 [clientInboundChannel-10] DEBUG [] [] WEBSOCKET - WebSocket operation: handleCallEnd completed
2026-03-26 22:04:15.720 [clientInboundChannel-12] DEBUG [] [] WEBSOCKET - WebSocket operation: userConnected started
2026-03-26 22:04:15.738 [clientInboundChannel-12] DEBUG [] [] WEBSOCKET - WebSocket operation: userConnected completed
2026-03-26 22:04:17.088 [clientInboundChannel-3] DEBUG [] [] WEBSOCKET - WebSocket operation: joinConference started
2026-03-26 22:04:17.140 [clientInboundChannel-3] DEBUG [] [] WEBSOCKET - WebSocket operation: joinConference completed
2026-03-26 22:05:03.435 [clientInboundChannel-4] DEBUG [] [] WEBSOCKET - WebSocket operation: userConnected started
2026-03-26 22:05:03.462 [clientInboundChannel-4] DEBUG [] [] WEBSOCKET - WebSocket operation: userConnected completed
2026-03-26 22:05:05.428 [clientInboundChannel-10] DEBUG [] [] WEBSOCKET - WebSocket operation: userConnected started
2026-03-26 22:05:05.432 [clientInboundChannel-10] DEBUG [] [] WEBSOCKET - WebSocket operation: userConnected completed
2026-03-26 22:07:25.662 [clientInboundChannel-17] DEBUG [] [] WEBSOCKET - WebSocket operation: leaveConference started
2026-03-26 22:07:25.677 [clientInboundChannel-17] DEBUG [] [] WEBSOCKET - WebSocket operation: leaveConference completed
2026-03-26 22:07:25.783 [clientInboundChannel-29] DEBUG [] [] WEBSOCKET - WebSocket operation: userConnected started
2026-03-26 22:07:25.789 [clientInboundChannel-29] DEBUG [] [] WEBSOCKET - WebSocket operation: userConnected completed
